>>> add_integer = __import__('0-add_integer').add_integer

>>> add_integer(1, 2)
3

>>> add_integer(100, -2)
98

>>> add_integer(2)
100

>>> add_integer()
Traceback (most recent call last):
...
TypeError: add_integer() missing 1 required positional argument: 'a'

>>> add_integer("")
Traceback (most recent call last):
...
TypeError: a must be an integer

>>> add_integer("", "")
Traceback (most recent call last):
...
TypeError: a must be an integer

>>> add_integer(None)
Traceback (most recent call last):
...
TypeError: a must be an integer

>>> add_integer(12/0)
Traceback (most recent call last):
...
ZeroDivisionError: division by zero
