>>> matrix_divided = __import__('2-matrix_divided').matrix_divided

>>> matrix = [[1, 2, 3], [4, 5, 6]]
>>> matrix_divided(matrix, 2)
[[0.5, 1.0, 1.5], [2.0, 2.5, 3.0]]

>>> matrix_divided(matrix, 0) #doctest: +IGNORE_EXCEPTION_DETAIL
Traceback (most recent call last):
...
ZeroDivisionError: division by zero

>>> matrix = [[1, 2, 3], [4, 5], [6, 7, 8]]
>>> matrix_divided(matrix, 2) #doctest: +IGNORE_EXCEPTION_DETAIL
Traceback (most recent call last):
...
TypeError: Each row of matrix must have the same size

>>> matrix_divided(matrix, 'b') #doctest: +IGNORE_EXCEPTION_DETAIL
Traceback (most recent call last):
...
TypeError: div must be a number

>>> matrix = [[1, 2, 3], [4, '5', 6], [7, 8, 9]]
>>> matrix_divided(matrix, 2) #doctest: +IGNORE_EXCEPTION_DETAIL
Traceback (most recent call last):
...
TypeError: matrix must be a matrix (list of lists) of integers/floats
